// Jest Snapshot v1, https://goo.gl/fbAQLP

exports[`NewFieldBar should render correctly 1`] = `
Object {
  "asFragment": [Function],
  "baseElement": <body>
    <div>
      <div
        class="new-field-bar"
      >
        <div
          class="field-type-logo"
        >
          <p />
        </div>
        <p
          class="field-name"
        />
        <p
          class="field-type-text"
        />
        <div
          class="action-buttons"
        >
          <img
            src="user-edit-text-message-note.png"
          />
          <img
            src="trash-delete-recycle-bin-bucket-waste.png"
          />
        </div>
      </div>
    </div>
  </body>,
  "container": <div>
    <div
      class="new-field-bar"
    >
      <div
        class="field-type-logo"
      >
        <p />
      </div>
      <p
        class="field-name"
      />
      <p
        class="field-type-text"
      />
      <div
        class="action-buttons"
      >
        <img
          src="user-edit-text-message-note.png"
        />
        <img
          src="trash-delete-recycle-bin-bucket-waste.png"
        />
      </div>
    </div>
  </div>,
  "debug": [Function],
  "findAllByAltText": [Function],
  "findAllByDisplayValue": [Function],
  "findAllByLabelText": [Function],
  "findAllByPlaceholderText": [Function],
  "findAllByRole": [Function],
  "findAllByTestId": [Function],
  "findAllByText": [Function],
  "findAllByTitle": [Function],
  "findByAltText": [Function],
  "findByDisplayValue": [Function],
  "findByLabelText": [Function],
  "findByPlaceholderText": [Function],
  "findByRole": [Function],
  "findByTestId": [Function],
  "findByText": [Function],
  "findByTitle": [Function],
  "getAllByAltText": [Function],
  "getAllByDisplayValue": [Function],
  "getAllByLabelText": [Function],
  "getAllByPlaceholderText": [Function],
  "getAllByRole": [Function],
  "getAllByTestId": [Function],
  "getAllByText": [Function],
  "getAllByTitle": [Function],
  "getByAltText": [Function],
  "getByDisplayValue": [Function],
  "getByLabelText": [Function],
  "getByPlaceholderText": [Function],
  "getByRole": [Function],
  "getByTestId": [Function],
  "getByText": [Function],
  "getByTitle": [Function],
  "queryAllByAltText": [Function],
  "queryAllByDisplayValue": [Function],
  "queryAllByLabelText": [Function],
  "queryAllByPlaceholderText": [Function],
  "queryAllByRole": [Function],
  "queryAllByTestId": [Function],
  "queryAllByText": [Function],
  "queryAllByTitle": [Function],
  "queryByAltText": [Function],
  "queryByDisplayValue": [Function],
  "queryByLabelText": [Function],
  "queryByPlaceholderText": [Function],
  "queryByRole": [Function],
  "queryByTestId": [Function],
  "queryByText": [Function],
  "queryByTitle": [Function],
  "rerender": [Function],
  "unmount": [Function],
}
`;
