// Jest Snapshot v1, https://goo.gl/fbAQLP

exports[`SideModal should render correctly 1`] = `
Object {
  "asFragment": [Function],
  "baseElement": <body>
    <div>
      <div>
        <div
          class="dark-bg"
        />
        <div
          class="right-modal"
        >
          <div
            class="side-modal"
          >
            <div
              class="modal-header"
            >
              <h5
                class="heading"
              >
                New collectionName
              </h5>
            </div>
            <div>
              <div>
                <p
                  class="modal-content"
                >
                  name
                </p>
                <input
                  class="modal-input"
                  type="text"
                />
              </div>
              <div>
                <p
                  class="modal-content"
                >
                  id
                </p>
                <input
                  class="modal-input"
                  type="text"
                />
              </div>
            </div>
            <div
              class="modal-actions-side"
            >
              <div
                class="actions-container-side-modal"
              >
                <button
                  class="cancel-button"
                >
                  Cancel
                </button>
                <button
                  class="create-button"
                >
                  Add
                </button>
              </div>
            </div>
          </div>
        </div>
      </div>
    </div>
  </body>,
  "container": <div>
    <div>
      <div
        class="dark-bg"
      />
      <div
        class="right-modal"
      >
        <div
          class="side-modal"
        >
          <div
            class="modal-header"
          >
            <h5
              class="heading"
            >
              New collectionName
            </h5>
          </div>
          <div>
            <div>
              <p
                class="modal-content"
              >
                name
              </p>
              <input
                class="modal-input"
                type="text"
              />
            </div>
            <div>
              <p
                class="modal-content"
              >
                id
              </p>
              <input
                class="modal-input"
                type="text"
              />
            </div>
          </div>
          <div
            class="modal-actions-side"
          >
            <div
              class="actions-container-side-modal"
            >
              <button
                class="cancel-button"
              >
                Cancel
              </button>
              <button
                class="create-button"
              >
                Add
              </button>
            </div>
          </div>
        </div>
      </div>
    </div>
  </div>,
  "debug": [Function],
  "findAllByAltText": [Function],
  "findAllByDisplayValue": [Function],
  "findAllByLabelText": [Function],
  "findAllByPlaceholderText": [Function],
  "findAllByRole": [Function],
  "findAllByTestId": [Function],
  "findAllByText": [Function],
  "findAllByTitle": [Function],
  "findByAltText": [Function],
  "findByDisplayValue": [Function],
  "findByLabelText": [Function],
  "findByPlaceholderText": [Function],
  "findByRole": [Function],
  "findByTestId": [Function],
  "findByText": [Function],
  "findByTitle": [Function],
  "getAllByAltText": [Function],
  "getAllByDisplayValue": [Function],
  "getAllByLabelText": [Function],
  "getAllByPlaceholderText": [Function],
  "getAllByRole": [Function],
  "getAllByTestId": [Function],
  "getAllByText": [Function],
  "getAllByTitle": [Function],
  "getByAltText": [Function],
  "getByDisplayValue": [Function],
  "getByLabelText": [Function],
  "getByPlaceholderText": [Function],
  "getByRole": [Function],
  "getByTestId": [Function],
  "getByText": [Function],
  "getByTitle": [Function],
  "queryAllByAltText": [Function],
  "queryAllByDisplayValue": [Function],
  "queryAllByLabelText": [Function],
  "queryAllByPlaceholderText": [Function],
  "queryAllByRole": [Function],
  "queryAllByTestId": [Function],
  "queryAllByText": [Function],
  "queryAllByTitle": [Function],
  "queryByAltText": [Function],
  "queryByDisplayValue": [Function],
  "queryByLabelText": [Function],
  "queryByPlaceholderText": [Function],
  "queryByRole": [Function],
  "queryByTestId": [Function],
  "queryByText": [Function],
  "queryByTitle": [Function],
  "rerender": [Function],
  "unmount": [Function],
}
`;
