// Jest Snapshot v1, https://goo.gl/fbAQLP

exports[`ContentTypeName should render correctly 1`] = `
Object {
  "asFragment": [Function],
  "baseElement": <body>
    <div>
      <div
        class="content-types-main"
      >
        <div
          class="content-types-column"
        >
          <div
            class="column-header"
          >
            <p>
              1 Types
               
            </p>
            <img
              src="icon-search-dark.png"
            />
          </div>
          <button
            class="add-type-button"
          >
            + New Type
          </button>
          <div
            class="type-list"
          >
            <div>
              <div
                class="content-type-bar "
              >
                <p>
                  contentTypeName
                </p>
                <p>
                  2
                </p>
              </div>
            </div>
          </div>
        </div>
        <div
          class="content-fields-column"
        >
          <div
            class="content-fields-heading"
          >
            <p />
            <img
              src="user-pencil-write-ui-education.png"
            />
          </div>
          <p
            class="fields-count"
          >
            0 types
          </p>
          <button
            class="add-field-button"
          >
            Add another field
          </button>
          <div
            class="fields-list"
          />
        </div>
      </div>
    </div>
  </body>,
  "container": <div>
    <div
      class="content-types-main"
    >
      <div
        class="content-types-column"
      >
        <div
          class="column-header"
        >
          <p>
            1 Types
             
          </p>
          <img
            src="icon-search-dark.png"
          />
        </div>
        <button
          class="add-type-button"
        >
          + New Type
        </button>
        <div
          class="type-list"
        >
          <div>
            <div
              class="content-type-bar "
            >
              <p>
                contentTypeName
              </p>
              <p>
                2
              </p>
            </div>
          </div>
        </div>
      </div>
      <div
        class="content-fields-column"
      >
        <div
          class="content-fields-heading"
        >
          <p />
          <img
            src="user-pencil-write-ui-education.png"
          />
        </div>
        <p
          class="fields-count"
        >
          0 types
        </p>
        <button
          class="add-field-button"
        >
          Add another field
        </button>
        <div
          class="fields-list"
        />
      </div>
    </div>
  </div>,
  "debug": [Function],
  "findAllByAltText": [Function],
  "findAllByDisplayValue": [Function],
  "findAllByLabelText": [Function],
  "findAllByPlaceholderText": [Function],
  "findAllByRole": [Function],
  "findAllByTestId": [Function],
  "findAllByText": [Function],
  "findAllByTitle": [Function],
  "findByAltText": [Function],
  "findByDisplayValue": [Function],
  "findByLabelText": [Function],
  "findByPlaceholderText": [Function],
  "findByRole": [Function],
  "findByTestId": [Function],
  "findByText": [Function],
  "findByTitle": [Function],
  "getAllByAltText": [Function],
  "getAllByDisplayValue": [Function],
  "getAllByLabelText": [Function],
  "getAllByPlaceholderText": [Function],
  "getAllByRole": [Function],
  "getAllByTestId": [Function],
  "getAllByText": [Function],
  "getAllByTitle": [Function],
  "getByAltText": [Function],
  "getByDisplayValue": [Function],
  "getByLabelText": [Function],
  "getByPlaceholderText": [Function],
  "getByRole": [Function],
  "getByTestId": [Function],
  "getByText": [Function],
  "getByTitle": [Function],
  "queryAllByAltText": [Function],
  "queryAllByDisplayValue": [Function],
  "queryAllByLabelText": [Function],
  "queryAllByPlaceholderText": [Function],
  "queryAllByRole": [Function],
  "queryAllByTestId": [Function],
  "queryAllByText": [Function],
  "queryAllByTitle": [Function],
  "queryByAltText": [Function],
  "queryByDisplayValue": [Function],
  "queryByLabelText": [Function],
  "queryByPlaceholderText": [Function],
  "queryByRole": [Function],
  "queryByTestId": [Function],
  "queryByText": [Function],
  "queryByTitle": [Function],
  "rerender": [Function],
  "unmount": [Function],
}
`;
