// Jest Snapshot v1, https://goo.gl/fbAQLP

exports[`LoginForm should render correctly 1`] = `
Object {
  "asFragment": [Function],
  "baseElement": <body>
    <div>
      <div
        class="login-page"
      >
        <div
          class="logo-image"
        >
          <p>
            Design APIs fast,
          </p>
          <p>
            Manage content easily
          </p>
          <img
            src="undraw-upload-re-pasx.png"
          />
        </div>
        <div
          class="login-section"
        >
          <p>
            Login to your CMS+ account
          </p>
          <div
            class="login-form"
          >
            <p>
              Email
            </p>
            <input
              name="email"
              type="email"
              value=""
            />
            <p>
              Password
            </p>
            <input
              name="password"
              type="password"
              value=""
            />
            <br />
            <button
              disabled=""
              type="submit"
            >
              Login
            </button>
            <p
              class="forgot-pwd"
            >
              Forgot password?
            </p>
          </div>
        </div>
      </div>
    </div>
  </body>,
  "container": <div>
    <div
      class="login-page"
    >
      <div
        class="logo-image"
      >
        <p>
          Design APIs fast,
        </p>
        <p>
          Manage content easily
        </p>
        <img
          src="undraw-upload-re-pasx.png"
        />
      </div>
      <div
        class="login-section"
      >
        <p>
          Login to your CMS+ account
        </p>
        <div
          class="login-form"
        >
          <p>
            Email
          </p>
          <input
            name="email"
            type="email"
            value=""
          />
          <p>
            Password
          </p>
          <input
            name="password"
            type="password"
            value=""
          />
          <br />
          <button
            disabled=""
            type="submit"
          >
            Login
          </button>
          <p
            class="forgot-pwd"
          >
            Forgot password?
          </p>
        </div>
      </div>
    </div>
  </div>,
  "debug": [Function],
  "findAllByAltText": [Function],
  "findAllByDisplayValue": [Function],
  "findAllByLabelText": [Function],
  "findAllByPlaceholderText": [Function],
  "findAllByRole": [Function],
  "findAllByTestId": [Function],
  "findAllByText": [Function],
  "findAllByTitle": [Function],
  "findByAltText": [Function],
  "findByDisplayValue": [Function],
  "findByLabelText": [Function],
  "findByPlaceholderText": [Function],
  "findByRole": [Function],
  "findByTestId": [Function],
  "findByText": [Function],
  "findByTitle": [Function],
  "getAllByAltText": [Function],
  "getAllByDisplayValue": [Function],
  "getAllByLabelText": [Function],
  "getAllByPlaceholderText": [Function],
  "getAllByRole": [Function],
  "getAllByTestId": [Function],
  "getAllByText": [Function],
  "getAllByTitle": [Function],
  "getByAltText": [Function],
  "getByDisplayValue": [Function],
  "getByLabelText": [Function],
  "getByPlaceholderText": [Function],
  "getByRole": [Function],
  "getByTestId": [Function],
  "getByText": [Function],
  "getByTitle": [Function],
  "queryAllByAltText": [Function],
  "queryAllByDisplayValue": [Function],
  "queryAllByLabelText": [Function],
  "queryAllByPlaceholderText": [Function],
  "queryAllByRole": [Function],
  "queryAllByTestId": [Function],
  "queryAllByText": [Function],
  "queryAllByTitle": [Function],
  "queryByAltText": [Function],
  "queryByDisplayValue": [Function],
  "queryByLabelText": [Function],
  "queryByPlaceholderText": [Function],
  "queryByRole": [Function],
  "queryByTestId": [Function],
  "queryByText": [Function],
  "queryByTitle": [Function],
  "rerender": [Function],
  "unmount": [Function],
}
`;
