// Jest Snapshot v1, https://goo.gl/fbAQLP

exports[`SideNavBar should render correctly 1`] = `
Object {
  "asFragment": [Function],
  "baseElement": <body>
    <div>
      <div
        class="sidebar"
      >
        <div
          class="header"
        >
          <p>
            CMS+
          </p>
        </div>
        <div
          class="collections-nav-bar"
        >
          <div
            class="collections-header"
          >
            <p>
              COLLECTION TYPES
            </p>
            <img
              src="icon-search-dark.png"
            />
          </div>
          <div
            class="collections-list"
          >
            <ul>
              <li />
              <li />
              <li />
            </ul>
          </div>
          <div
            class="content-builder"
          >
            <p>
              CONTENT TYPE BUILDER
            </p>
          </div>
        </div>
      </div>
    </div>
  </body>,
  "container": <div>
    <div
      class="sidebar"
    >
      <div
        class="header"
      >
        <p>
          CMS+
        </p>
      </div>
      <div
        class="collections-nav-bar"
      >
        <div
          class="collections-header"
        >
          <p>
            COLLECTION TYPES
          </p>
          <img
            src="icon-search-dark.png"
          />
        </div>
        <div
          class="collections-list"
        >
          <ul>
            <li />
            <li />
            <li />
          </ul>
        </div>
        <div
          class="content-builder"
        >
          <p>
            CONTENT TYPE BUILDER
          </p>
        </div>
      </div>
    </div>
  </div>,
  "debug": [Function],
  "findAllByAltText": [Function],
  "findAllByDisplayValue": [Function],
  "findAllByLabelText": [Function],
  "findAllByPlaceholderText": [Function],
  "findAllByRole": [Function],
  "findAllByTestId": [Function],
  "findAllByText": [Function],
  "findAllByTitle": [Function],
  "findByAltText": [Function],
  "findByDisplayValue": [Function],
  "findByLabelText": [Function],
  "findByPlaceholderText": [Function],
  "findByRole": [Function],
  "findByTestId": [Function],
  "findByText": [Function],
  "findByTitle": [Function],
  "getAllByAltText": [Function],
  "getAllByDisplayValue": [Function],
  "getAllByLabelText": [Function],
  "getAllByPlaceholderText": [Function],
  "getAllByRole": [Function],
  "getAllByTestId": [Function],
  "getAllByText": [Function],
  "getAllByTitle": [Function],
  "getByAltText": [Function],
  "getByDisplayValue": [Function],
  "getByLabelText": [Function],
  "getByPlaceholderText": [Function],
  "getByRole": [Function],
  "getByTestId": [Function],
  "getByText": [Function],
  "getByTitle": [Function],
  "queryAllByAltText": [Function],
  "queryAllByDisplayValue": [Function],
  "queryAllByLabelText": [Function],
  "queryAllByPlaceholderText": [Function],
  "queryAllByRole": [Function],
  "queryAllByTestId": [Function],
  "queryAllByText": [Function],
  "queryAllByTitle": [Function],
  "queryByAltText": [Function],
  "queryByDisplayValue": [Function],
  "queryByLabelText": [Function],
  "queryByPlaceholderText": [Function],
  "queryByRole": [Function],
  "queryByTestId": [Function],
  "queryByText": [Function],
  "queryByTitle": [Function],
  "rerender": [Function],
  "unmount": [Function],
}
`;
